{"ctxt_single_line":"A single line string","ctxt_multi_line":"A multi line string","ctxt_another_single_line":"A single line string 2"}